[r.mobirisesite.com/558418/assets/images/photo-1617184896380-579b1fa76-h_lyiaze7x.jpg]
[backblue.gif]
[fade.gif]
[index.html]
[r.mobirisesite.com/558418/assets/web/assets/mobirise-icons2/mobirise2cdd7.css]
[r.mobirisesite.com/558418/assets/bootstrap/css/bootstrap.mincdd7.css]
[r.mobirisesite.com/558418/assets/bootstrap/css/bootstrap-grid.mincdd7.css]
[r.mobirisesite.com/558418/assets/bootstrap/css/bootstrap-reboot.mincdd7.css]
[r.mobirisesite.com/558418/assets/dropdown/css/stylecdd7.css]
[r.mobirisesite.com/558418/assets/socicon/css/stylescdd7.css]
[r.mobirisesite.com/558418/assets/theme/css/stylecdd7.css]
[r.mobirisesite.com/558418/assets/css/mbr-additionalcdd7.css]
[r.mobirisesite.com/558418/assets/images/ge0ae968f7347650d045348c10b88-h_lyhcmiwv.jpg]
[r.mobirisesite.com/558418/assets/images/gd08d18ce1ec934802c36a685496f-h_lyhcmwsi.jpg]
[r.mobirisesite.com/558418/assets/images/g6faea7ece569731dbff4be2862a4-h_lyhcpfpq.jpg]
[r.mobirisesite.com/558418/assets/images/photo-1519671282429-b44660ead0a7.jpg]
[r.mobirisesite.com/558418/assets/images/photo-1446569971295-057569541991.jpg]
[r.mobirisesite.com/558418/assets/images/photo-1533777419517-3e4017e2e15a.jpg]
[r.mobirisesite.com/558418/assets/images/photo-1515169067868-5387ec356754.jpg]
[r.mobirisesite.com/558418/assets/images/photo-1496464749978-589a1f20b1e3.jpg]
[r.mobirisesite.com/558418/assets/images/photo-1624634278481-7bb624914cc6.jpg]
[r.mobirisesite.com/558418/assets/images/g9e88de0f96403538f8ebf6a6056c-h_lyhcejpp.jpg]
[r.mobirisesite.com/558418/assets/images/photo-1593100126453-19b562a800c1.jpg]
[r.mobirisesite.com/558418/assets/images/photo-1529832588601-c01e066263a8.jpg]
[r.mobirisesite.com/558418/assets/images/photo-1632494033254-48f55f00304a.jpg]
[r.mobirisesite.com/558418/assets/images/photo-1622735507463-c4659ccdfeda.jpg]
[r.mobirisesite.com/558418/assets/images/photo-1517488629431-6427e0ee1e5f.jpg]
[r.mobirisesite.com/558418/assets/images/photo-1613379598023-eee24a7ef929.jpg]
[r.mobirisesite.com/558418/assets/images/photo-1618333258404-f509733839c4.jpg]
[r.mobirisesite.com/558418/assets/images/photo-1585697099411-c5c50475c16e.jpg]
[r.mobirisesite.com/558418/assets/images/photo-1559054109-82d938dac629.jpg]
[r.mobirisesite.com/558418/assets/images/photo-1496275068113-fff8c90750d1.jpg]
[r.mobirisesite.com/558418/assets/images/photo-1581803118522-7b72a50f7e9f.jpg]
[r.mobirisesite.com/558418/assets/images/photo-1677520338280-664ae23816eb.jpg]
[r.mobirisesite.com/558418/assets/images/photo-1679746584014-fb31d4eb0a5e.jpg]
[r.mobirisesite.com/558418/assets/images/photo-1636624498233-0c3c5ab4186e.jpg]
[r.mobirisesite.com/558418/assets/images/photo-1671212041190-5e1c0c509f11.jpg]
[r.mobirisesite.com/558418/assets/images/photo-1510274642460-65a8de5e52fd.jpg]
[r.mobirisesite.com/558418/assets/images/photo-1579041925709-798d7d0fed1d.jpg]
[r.mobirisesite.com/558418/assets/images/photo-1554463529-e27854014799.jpg]
[r.mobirisesite.com/558418/assets/images/photo-1606136968306-ab2868cc1f21.jpg]
[r.mobirisesite.com/558418/assets/images/photo-1681415851723-dca11d0ec9a6.jpg]
[r.mobirisesite.com/558418/assets/images/photo-1502828331539-51c709e80300.jpg]
[r.mobirisesite.com/558418/assets/images/photo-1596622723231-b20320c7346b.jpg]
[r.mobirisesite.com/558418/assets/images/photo-1482672983748-d28c55746a6e.jpg]
[r.mobirisesite.com/558418/assets/images/photo-1453828423292-392a660a502f.jpg]
[r.mobirisesite.com/558418/assets/images/photo-1592284165799-7971b3029268.jpg]
[r.mobirisesite.com/558418/assets/images/photo-1503430410-6d2432cf3278.jpg]
[r.mobirisesite.com/558418/assets/web/assets/jquery/jquery.mincdd7.js]
[r.mobirisesite.com/558418/assets/bootstrap/js/bootstrap.bundle.mincdd7.js]
[r.mobirisesite.com/558418/assets/smoothscroll/smooth-scrollcdd7.js]
[r.mobirisesite.com/558418/assets/ytplayer/indexcdd7.js]
[r.mobirisesite.com/558418/assets/vimeoplayer/playercdd7.js]
[r.mobirisesite.com/558418/assets/masonry/masonry.pkgd.mincdd7.js]
[r.mobirisesite.com/558418/assets/imagesloaded/imagesloaded.pkgd.mincdd7.js]
[r.mobirisesite.com/558418/assets/embla/embla.mincdd7.js]
[r.mobirisesite.com/558418/assets/embla/scriptcdd7.js]
[r.mobirisesite.com/558418/assets/scrollgallery/scroll-gallerycdd7.js]
[r.mobirisesite.com/558418/assets/dropdown/js/navbar-dropdowncdd7.js]
[r.mobirisesite.com/558418/assets/theme/js/scriptcdd7.js]
[bhelhss.mobirisesite.com/index.html]
[r.mobirisesite.com/558418/assets/formoid/formoid.mincdd7.js]
[r.mobirisesite.com/558418/assets/web/assets/mobirise-icons2/mobirise21e04.eot]
[r.mobirisesite.com/558418/assets/web/assets/mobirise-icons2/mobirise21e04.ttf]
[r.mobirisesite.com/558418/assets/web/assets/mobirise-icons2/mobirise21e04.woff]
[r.mobirisesite.com/558418/assets/web/assets/mobirise-icons2/mobirise2cdd7.css]
[r.mobirisesite.com/558418/assets/bootstrap/css/bootstrap.mincdd7.css]
[r.mobirisesite.com/558418/assets/bootstrap/css/bootstrap-grid.mincdd7.css]
[r.mobirisesite.com/558418/assets/bootstrap/css/bootstrap-reboot.mincdd7.css]
[r.mobirisesite.com/558418/assets/dropdown/css/stylecdd7.css]
[r.mobirisesite.com/558418/assets/socicon/css/stylescdd7.css]
[r.mobirisesite.com/558418/assets/theme/css/stylecdd7.css]
[r.mobirisesite.com/558418/assets/web/assets/mobirise-icons2/mobirise21e04.svg]
[r.mobirisesite.com/558418/assets/images/g297c6e97a70c731c7b2765fe3b24-h_lyibc3ug.jpg]
[r.mobirisesite.com/558418/assets/css/mbr-additionalcdd7.css]
[r.mobirisesite.com/558418/assets/mbr-switch-arrow/mbr-switch-arrowcdd7.js]
[r.mobirisesite.com/558418/assets/web/assets/mobirise-icons2/mobirise21e04.svg]
